// Jest Snapshot v1, https://goo.gl/fbAQLP

exports[`Index renders without crashing 1`] = `"{}"`;
